   Γû▓ Next.js 15.5.14
   - Environments: .env.local, .env
   - Experiments (use with caution):
     ┬╖ optimizePackageImports

   Creating an optimized production build ...
 Γ£ô Compiled successfully in 44s
   Linting and checking validity of types ...

./src/app/layout.tsx
230:9  Warning: Custom fonts not added in `pages/_document.js` will only load for a single page. This is discouraged. See: https://nextjs.org/docs/messages/no-page-custom-font  @next/next/no-page-custom-font

./src/app/[lang]/contact/ContactClient.tsx
331:89  Warning: `'` can be escaped with `&apos;`, `&lsquo;`, `&#39;`, `&rsquo;`.  react/no-unescaped-entities

./src/components/Hero.tsx
25:9  Warning: 'springY' is assigned a value but never used.  @typescript-eslint/no-unused-vars
97:9  Warning: 'urgency' is assigned a value but never used.  @typescript-eslint/no-unused-vars

./src/lib/data-fetching.ts
229:15  Warning: 'name' is assigned a value but never used.  @typescript-eslint/no-unused-vars

info  - Need to disable some ESLint rules? Learn more here: https://nextjs.org/docs/app/api-reference/config/eslint#disabling-rules
   Collecting page data ...
 ΓÜá Using edge runtime on a page currently disables static generation for that page
   Generating static pages (0/7) ...
   Generating static pages (1/7) 
   Generating static pages (3/7) 
   Generating static pages (5/7) 
 Γ£ô Generating static pages (7/7)
   Finalizing page optimization ...
   Collecting build traces ...

Route (app)                                 Size  First Load JS
Γöî ╞Æ /                                      141 B         102 kB
Γö£ ╞Æ /_not-found                            141 B         102 kB
Γö£ ╞Æ /[lang]                               215 kB         395 kB
Γö£ ╞Æ /[lang]/blog                         1.59 kB         161 kB
Γö£ ╞Æ /[lang]/blog/[slug]                  5.66 kB         178 kB
Γö£ ╞Æ /[lang]/book-meeting                 4.99 kB         164 kB
Γö£ ╞Æ /[lang]/case-studies                  1.9 kB         169 kB
Γö£ ╞Æ /[lang]/case-study/[slug]             1.9 kB         169 kB
Γö£ ╞Æ /[lang]/contact                      40.6 kB         208 kB
Γö£ Γùï /manifest.webmanifest                  141 B         102 kB
Γö£ ╞Æ /opengraph-image                       141 B         102 kB
Γö£ Γùï /robots.txt                            141 B         102 kB
Γöö Γùï /sitemap.xml                           141 B         102 kB
+ First Load JS shared by all             102 kB
  Γö£ chunks/255-c7255b4d3f72310a.js       45.5 kB
  Γö£ chunks/4bd1b696-409494caf8c83275.js  54.2 kB
  Γöö other shared chunks (total)          2.01 kB


╞Æ Middleware                             34.6 kB

Γùï  (Static)   prerendered as static content
╞Æ  (Dynamic)  server-rendered on demand

